[fastprintseva.xyz/index.html]
[stackpath.bootstrapcdn.com/bootstrap/4.3.1/css/bootstrap.min.css]
[backblue.gif]
[fade.gif]
[index.html]
[pattern.kivan-works.com/fonts/kredit.css]
[fastprintseva.xyz/index-2.html]
[fastprintseva.xyz/about.html]
[fastprintseva.xyz/contact.html]
[fastprintseva.xyz/privacypolicy.html]
[fastprintseva.xyz/terms.html]
[fastprintseva.xyz/refund.html]
[fastprintseva.xyz/reg.html]
[pagead2.googlesyndication.com/pagead/js/f7699.txt]
[ajax.googleapis.com/ajax/libs/jquery/3.4.1/jquery.min.js]
[fastprintseva.xyz/index.html]
[stackpath.bootstrapcdn.com/bootstrap/4.3.1/css/bootstrap.min.css]
[stackpath.bootstrapcdn.com/bootstrap/4.3.1/js/bootstrap.min.js]
[pattern.kivan-works.com/fonts/kredit.ttf]
[pattern.kivan-works.com/fonts/kredit_back.ttf]
[pattern.kivan-works.com/fonts/kredit_front.ttf]
[pattern.kivan-works.com/fonts/kredit_shine.ttf]
[pattern.kivan-works.com/fonts/kredit.css]
[fastprintseva.xyz/index-2.html]
[fastprintseva.xyz/about.html]
[pattern.kivan-works.com/fonts/Beyond_Infinity.ttf]
[fastprintseva.xyz/cdn-cgi/l/email-protection.html]
[fastprintseva.xyz/contact.html]
[fastprintseva.xyz/privacypolicy.html]
[fastprintseva.xyz/terms.html]
[fastprintseva.xyz/refund.html]
[fastprintseva.xyz/cdn-cgi/scripts/5c5dd728/cloudflare-static/email-decode.min.js]
[stackpath.bootstrapcdn.com/bootstrap/4.5.2/css/bootstrap.min.css]
[stackpath.bootstrapcdn.com/bootstrap/4.5.2/js/bootstrap.min.js]
[checkout.razorpay.com/v1/checkout.js]
[fastprintseva.xyz/reg.html]
[fastprintseva.xyz/regpaytm/indexd886.html]
[fastprintseva.xyz/cdn-cgi/l/email-protection.html]
[stackpath.bootstrapcdn.com/bootstrap/4.5.2/css/bootstrap.min.css]
[fastprintseva.xyz/regpaytm/indexd886.html]
